ASxxxx Linker V03.00 + NoICE + sdld,  page 1.
Hexadecimal  [32-Bits]

Area                                    Addr        Size        Decimal Bytes (Attributes)
--------------------------------        ----        ----        ------- ----- ------------
.  .ABS.                            00000000    00000000 =           0. bytes (ABS,CON)

      Value  Global                              Global Defined In Module
      -----  --------------------------------   ------------------------
     00000000  .__.ABS.                           _strlen
     00000000  l_CABS                          
     00000000  l_DABS                          
     00000000  l_DATA                          
     00000000  l__CODE                         
     00000000  s_.debug_abbrev                 
     00000000  s_.debug_frame                  
     00000000  s_.debug_info                   
     00000000  s_.debug_line                   
     00000000  s_.debug_loc                    
     00000000  s_.debug_pubnames               
     00000000  s_CABS                          
     00000000  s_DABS                          
     00000000  s__CODE                         
     00000001  l_SSEG                          
     00000001  s_DATA                          
     00000001  s_INITIALIZED                   
     00000003  l_GSFINAL                       
     00000004  l_INITIALIZED                   
     00000004  l_INITIALIZER                   
     00000005  s_SSEG                          
     0000001A  l_GSINIT                        
     0000006D  l_CONST                         
     0000006F  l_HOME                          
     00000782  l_.debug_abbrev                 
     00000E85  l_.debug_pubnames               
     00002C22  l_CODE                          
     00003068  l_.debug_line                   
     00003C2D  l_.debug_frame                  
     000045C4  l_.debug_loc                    
     0000499B  l_.debug_info                   
     00008000  s_HOME                          
     0000806F  s_GSINIT                        
     00008089  s_GSFINAL                       
     0000808C  s_CONST                         
     000080F9  s_INITIALIZER                   
     000080FD  s_CODE                          

ASxxxx Linker V03.00 + NoICE + sdld,  page 2.
Hexadecimal  [32-Bits]

Area                                    Addr        Size        Decimal Bytes (Attributes)
--------------------------------        ----        ----        ------- ----- ------------
INITIALIZED                         00000001    00000004 =           4. bytes (REL,CON)

      Value  Global                              Global Defined In Module
      -----  --------------------------------   ------------------------
     00000001  G$miliseconds$0_0$0                milis
     00000001  _miliseconds                       milis

ASxxxx Linker V03.00 + NoICE + sdld,  page 3.
Hexadecimal  [32-Bits]

Area                                    Addr        Size        Decimal Bytes (Attributes)
--------------------------------        ----        ----        ------- ----- ------------
SSEG                                00000005    00000001 =           1. bytes (REL,CON)

      Value  Global                              Global Defined In Module
      -----  --------------------------------   ------------------------
ASxxxx Linker V03.00 + NoICE + sdld,  page 4.
Hexadecimal  [32-Bits]

Area                                    Addr        Size        Decimal Bytes (Attributes)
--------------------------------        ----        ----        ------- ----- ------------
HOME                                00008000    0000006F =         111. bytes (REL,CON)

      Value  Global                              Global Defined In Module
      -----  --------------------------------   ------------------------
     00008000  A$main$65                          main
     00008004  A$main$66                          main
     00008008  A$main$67                          main
     0000800C  A$main$68                          main
     00008010  A$main$69                          main
     00008014  A$main$70                          main
     00008018  A$main$71                          main
     0000801C  A$main$72                          main
     00008020  A$main$73                          main
     00008024  A$main$74                          main
     00008028  A$main$75                          main
     0000802C  A$main$76                          main
     00008030  A$main$77                          main
     00008034  A$main$78                          main
     00008038  A$main$79                          main
     0000803C  A$main$80                          main
     00008040  A$main$81                          main
     00008044  A$main$82                          main
     00008048  A$main$83                          main
     0000804C  A$main$84                          main
     00008050  A$main$85                          main
     00008054  A$main$86                          main
     00008058  A$main$87                          main
     0000805C  A$main$88                          main
     00008060  A$main$89                          main
     00008064  A$main$90                          main
     00008068  A$main$91                          main
     0000806C  A$main$125                         main

ASxxxx Linker V03.00 + NoICE + sdld,  page 5.
Hexadecimal  [32-Bits]

Area                                    Addr        Size        Decimal Bytes (Attributes)
--------------------------------        ----        ----        ------- ----- ------------
GSINIT                              0000806F    0000001A =          26. bytes (REL,CON)

      Value  Global                              Global Defined In Module
      -----  --------------------------------   ------------------------
     0000806F  A$main$101                         main
     00008072  A$main$102                         main
     00008074  A$main$104                         main
     00008078  A$main$105                         main
     00008079  A$main$106                         main
     0000807B  A$main$108                         main
     0000807E  A$main$109                         main
     00008080  A$main$111                         main
     00008083  A$main$112                         main
     00008086  A$main$113                         main
     00008087  A$main$114                         main

ASxxxx Linker V03.00 + NoICE + sdld,  page 6.
Hexadecimal  [32-Bits]

Area                                    Addr        Size        Decimal Bytes (Attributes)
--------------------------------        ----        ----        ------- ----- ------------
GSFINAL                             00008089    00000003 =           3. bytes (REL,CON)

      Value  Global                              Global Defined In Module
      -----  --------------------------------   ------------------------
     00008089  A$main$118                         main

ASxxxx Linker V03.00 + NoICE + sdld,  page 7.
Hexadecimal  [32-Bits]

Area                                    Addr        Size        Decimal Bytes (Attributes)
--------------------------------        ----        ----        ------- ----- ------------
CONST                               0000808C    0000006D =         109. bytes (REL,CON)

      Value  Global                              Global Defined In Module
      -----  --------------------------------   ------------------------
     0000808C  Fmain$__str_0$0_0$0                main
     000080E2  G$HSIDivFactor$0_0$0               stm8s_clk
     000080E2  _HSIDivFactor                      stm8s_clk
     000080E6  G$CLKPrescTable$0_0$0              stm8s_clk
     000080E6  _CLKPrescTable                     stm8s_clk

ASxxxx Linker V03.00 + NoICE + sdld,  page 8.
Hexadecimal  [32-Bits]

Area                                    Addr        Size        Decimal Bytes (Attributes)
--------------------------------        ----        ----        ------- ----- ------------
INITIALIZER                         000080F9    00000004 =           4. bytes (REL,CON)

      Value  Global                              Global Defined In Module
      -----  --------------------------------   ------------------------
     000080F9  Fmilis$__xinit_miliseconds$0_0$0   milis

ASxxxx Linker V03.00 + NoICE + sdld,  page 9.
Hexadecimal  [32-Bits]

Area                                    Addr        Size        Decimal Bytes (Attributes)
--------------------------------        ----        ----        ------- ----- ------------
CODE                                000080FD    00002C22 =       11298. bytes (REL,CON)

      Value  Global                              Global Defined In Module
      -----  --------------------------------   ------------------------
     000080FD  A$main$144                         main
     000080FD  Smain$_delay_cycl$0                main
     000080FD  Smain$_delay_cycl$1                main
     000080FD  Smain$_delay_cycl$2                main
     000080FE  A$main$145                         main
     000080FF  A$main$149                         main
     000080FF  Smain$_delay_cycl$3                main
     00008101  A$main$156                         main
     00008101  Smain$_delay_cycl$4                main
     00008101  Smain$_delay_cycl$5                main
     00008102  A$main$161                         main
     00008102  Smain$_delay_cycl$6                main
     00008102  Smain$_delay_cycl$7                main
     00008103  A$main$162                         main
     00008105  A$main$163                         main
     00008108  A$main$168                         main
     00008108  Smain$_delay_cycl$8                main
     00008109  A$main$176                         main
     00008109  Smain$_delay_cycl$10               main
     00008109  Smain$_delay_cycl$9                main
     00008109  XFmain$_delay_cycl$0$0             main
     0000810A  A$main$192                         main
     0000810A  Smain$_delay_cycl$11               main
     0000810A  Smain$_delay_us$12                 main
     0000810A  Smain$_delay_us$13                 main
     0000810A  Smain$_delay_us$14                 main
     0000810C  A$main$193                         main
     0000810D  A$main$195                         main
     0000810F  A$main$197                         main
     0000810F  Smain$_delay_us$15                 main
     00008110  A$main$200                         main
     00008110  Smain$_delay_us$16                 main
     00008112  A$main$202                         main
     00008112  Smain$_delay_us$17                 main
     00008114  A$main$204                         main
     00008114  Smain$_delay_us$18                 main
     00008116  A$main$206                         main
     00008116  Smain$_delay_us$19                 main
     00008118  A$main$209                         main
     00008118  Smain$_delay_us$20                 main
     0000811B  A$main$210                         main
     0000811D  A$main$216                         main
     0000811D  Smain$_delay_us$21                 main
     0000811D  Smain$_delay_us$22                 main
     0000811F  A$main$218                         main
     0000811F  Smain$_delay_us$23                 main
     00008121  A$main$220                         main
     00008121  Smain$_delay_us$24                 main
     00008123  A$main$222                         main
     00008123  Smain$_delay_us$25                 main
ASxxxx Linker V03.00 + NoICE + sdld,  page 10.
Hexadecimal  [32-Bits]

Area                                    Addr        Size        Decimal Bytes (Attributes)
--------------------------------        ----        ----        ------- ----- ------------
CODE                                000080FD    00002C22 =       11298. bytes (REL,CON)

      Value  Global                              Global Defined In Module
      -----  --------------------------------   ------------------------
     00008125  A$main$225                         main
     00008125  Smain$_delay_us$26                 main
     00008126  A$main$227                         main
     00008126  Smain$_delay_us$27                 main
     00008128  A$main$230                         main
     00008128  Smain$_delay_us$28                 main
     0000812B  A$main$231                         main
     0000812D  A$main$235                         main
     0000812D  Smain$_delay_us$29                 main
     0000812D  Smain$_delay_us$30                 main
     0000812F  A$main$236                         main
     00008130  A$main$237                         main
     00008132  A$main$238                         main
     00008133  A$main$239                         main
     00008135  A$main$240                         main
     00008136  A$main$245                         main
     00008136  Smain$_delay_us$31                 main
     00008137  A$main$253                         main
     00008137  Smain$_delay_us$32                 main
     00008137  Smain$_delay_us$33                 main
     00008138  A$main$254                         main
     00008139  A$main$264                         main
     00008139  Smain$_delay_us$34                 main
     00008139  Smain$_delay_us$35                 main
     00008139  Smain$_delay_us$36                 main
     0000813A  A$main$268                         main
     0000813A  Smain$_delay_us$37                 main
     0000813B  A$main$269                         main
     0000813D  A$main$270                         main
     00008140  A$main$274                         main
     00008141  A$main$285                         main
     00008141  Smain$_delay_us$38                 main
     00008141  Smain$_delay_us$39                 main
     00008141  Smain$_delay_us$40                 main
     00008141  Smain$_delay_us$41                 main
     00008141  XFmain$_delay_us$0$0               main
     00008142  A$main$297                         main
     00008142  Smain$_delay_us$42                 main
     00008142  Smain$delay_ms$43                  main
     00008142  Smain$delay_ms$44                  main
     00008142  _delay_ms                          main
     00008143  A$main$302                         main
     00008143  Smain$delay_ms$45                  main
     00008143  Smain$delay_ms$46                  main
     00008144  A$main$303                         main
     00008146  A$main$308                         main
     00008148  A$main$309                         main
     0000814A  A$main$310                         main
     0000814C  A$main$311                         main
     0000814F  A$main$317                         main
     0000814F  Smain$delay_ms$47                  main
ASxxxx Linker V03.00 + NoICE + sdld,  page 11.
Hexadecimal  [32-Bits]

Area                                    Addr        Size        Decimal Bytes (Attributes)
--------------------------------        ----        ----        ------- ----- ------------
CODE                                000080FD    00002C22 =       11298. bytes (REL,CON)

      Value  Global                              Global Defined In Module
      -----  --------------------------------   ------------------------
     00008152  A$main$321                         main
     00008152  Smain$delay_ms$48                  main
     00008153  A$main$322                         main
     00008154  A$main$332                         main
     00008154  Smain$delay_ms$49                  main
     00008154  Smain$delay_ms$50                  main
     00008154  Smain$delay_ms$51                  main
     00008155  A$main$336                         main
     00008155  Smain$delay_ms$52                  main
     00008156  A$main$337                         main
     00008158  A$main$338                         main
     0000815B  A$main$342                         main
     0000815C  A$main$347                         main
     0000815C  Smain$delay_ms$53                  main
     0000815F  A$main$351                         main
     0000815F  Smain$delay_ms$54                  main
     00008160  A$main$352                         main
     00008161  A$main$362                         main
     00008161  Smain$delay_ms$55                  main
     00008161  Smain$delay_ms$56                  main
     00008161  Smain$delay_ms$57                  main
     00008162  A$main$366                         main
     00008162  Smain$delay_ms$58                  main
     00008163  A$main$367                         main
     00008165  A$main$368                         main
     00008168  A$main$372                         main
     00008169  A$main$377                         main
     00008169  Smain$delay_ms$59                  main
     0000816C  A$main$381                         main
     0000816C  Smain$delay_ms$60                  main
     0000816D  A$main$382                         main
     0000816E  A$main$392                         main
     0000816E  Smain$delay_ms$61                  main
     0000816E  Smain$delay_ms$62                  main
     0000816E  Smain$delay_ms$63                  main
     0000816F  A$main$396                         main
     0000816F  Smain$delay_ms$64                  main
     00008170  A$main$397                         main
     00008172  A$main$398                         main
     00008175  A$main$402                         main
     00008176  A$main$407                         main
     00008176  Smain$delay_ms$65                  main
     00008179  A$main$411                         main
     00008179  Smain$delay_ms$66                  main
     0000817A  A$main$412                         main
     0000817B  A$main$422                         main
     0000817B  Smain$delay_ms$67                  main
     0000817B  Smain$delay_ms$68                  main
     0000817B  Smain$delay_ms$69                  main
     0000817C  A$main$426                         main
     0000817C  Smain$delay_ms$70                  main
ASxxxx Linker V03.00 + NoICE + sdld,  page 12.
Hexadecimal  [32-Bits]

Area                                    Addr        Size        Decimal Bytes (Attributes)
--------------------------------        ----        ----        ------- ----- ------------
CODE                                000080FD    00002C22 =       11298. bytes (REL,CON)

      Value  Global                              Global Defined In Module
      -----  --------------------------------   ------------------------
     0000817D  A$main$427                         main
     0000817F  A$main$428                         main
     00008182  A$main$432                         main
     00008183  A$main$438                         main
     00008183  Smain$delay_ms$71                  main
     00008183  Smain$delay_ms$72                  main
     00008185  A$main$440                         main
     00008186  A$main$444                         main
     00008188  A$main$446                         main
     0000818B  A$main$452                         main
     0000818B  Smain$delay_ms$73                  main
     0000818C  A$main$456                         main
     0000818C  Smain$delay_ms$74                  main
     0000818C  Smain$delay_ms$75                  main
     0000818C  XG$delay_ms$0$0                    main
     0000818D  A$main$471                         main
     0000818D  Smain$delay_ms$76                  main
     0000818D  Smain$setup$77                     main
     0000818D  Smain$setup$78                     main
     0000818D  Smain$setup$79                     main
     0000818D  _setup                             main
     0000818F  A$main$474                         main
     0000818F  Smain$setup$80                     main
     00008192  A$main$475                         main
     00008193  A$main$480                         main
     00008193  Smain$setup$81                     main
     00008193  Smain$setup$82                     main
     00008195  A$main$483                         main
     00008195  Smain$setup$83                     main
     00008197  A$main$486                         main
     00008197  Smain$setup$84                     main
     00008199  A$main$488                         main
     00008199  Smain$setup$85                     main
     0000819B  A$main$491                         main
     0000819B  Smain$setup$86                     main
     0000819E  A$main$492                         main
     000081A0  A$main$497                         main
     000081A0  Smain$setup$87                     main
     000081A0  Smain$setup$88                     main
     000081A2  A$main$500                         main
     000081A2  Smain$setup$89                     main
     000081A4  A$main$503                         main
     000081A4  Smain$setup$90                     main
     000081A6  A$main$505                         main
     000081A6  Smain$setup$91                     main
     000081A8  A$main$508                         main
     000081A8  Smain$setup$92                     main
     000081AB  A$main$509                         main
     000081AD  A$main$514                         main
     000081AD  Smain$setup$93                     main
     000081AD  Smain$setup$94                     main
ASxxxx Linker V03.00 + NoICE + sdld,  page 13.
Hexadecimal  [32-Bits]

Area                                    Addr        Size        Decimal Bytes (Attributes)
--------------------------------        ----        ----        ------- ----- ------------
CODE                                000080FD    00002C22 =       11298. bytes (REL,CON)

      Value  Global                              Global Defined In Module
      -----  --------------------------------   ------------------------
     000081B0  A$main$518                         main
     000081B0  Smain$setup$95                     main
     000081B3  A$main$522                         main
     000081B3  Smain$setup$96                     main
     000081B5  A$main$525                         main
     000081B5  Smain$setup$97                     main
     000081B7  A$main$528                         main
     000081B7  Smain$setup$98                     main
     000081BA  A$main$529                         main
     000081BB  A$main$534                         main
     000081BB  Smain$setup$100                    main
     000081BB  Smain$setup$99                     main
     000081BD  A$main$537                         main
     000081BD  Smain$setup$101                    main
     000081BF  A$main$540                         main
     000081BF  Smain$setup$102                    main
     000081C2  A$main$541                         main
     000081C3  A$main$546                         main
     000081C3  Smain$setup$103                    main
     000081C3  Smain$setup$104                    main
     000081C5  A$main$549                         main
     000081C5  Smain$setup$105                    main
     000081C8  A$main$550                         main
     000081C9  A$main$555                         main
     000081C9  Smain$setup$106                    main
     000081C9  Smain$setup$107                    main
     000081CB  A$main$558                         main
     000081CB  Smain$setup$108                    main
     000081CE  A$main$559                         main
     000081CF  A$main$564                         main
     000081CF  Smain$setup$109                    main
     000081CF  Smain$setup$110                    main
     000081D1  A$main$567                         main
     000081D1  Smain$setup$111                    main
     000081D4  A$main$568                         main
     000081D5  A$main$573                         main
     000081D5  Smain$setup$112                    main
     000081D5  Smain$setup$113                    main
     000081D7  A$main$576                         main
     000081D7  Smain$setup$114                    main
     000081DA  A$main$577                         main
     000081DB  A$main$582                         main
     000081DB  Smain$setup$115                    main
     000081DB  Smain$setup$116                    main
     000081DE  A$main$590                         main
     000081DE  Smain$setup$117                    main
     000081DE  Smain$setup$118                    main
     000081DE  XG$setup$0$0                       main
     000081DF  A$main$602                         main
     000081DF  Smain$main$120                     main
     000081DF  Smain$main$121                     main
ASxxxx Linker V03.00 + NoICE + sdld,  page 14.
Hexadecimal  [32-Bits]

Area                                    Addr        Size        Decimal Bytes (Attributes)
--------------------------------        ----        ----        ------- ----- ------------
CODE                                000080FD    00002C22 =       11298. bytes (REL,CON)

      Value  Global                              Global Defined In Module
      -----  --------------------------------   ------------------------
     000081DF  Smain$setup$119                    main
     000081DF  _main                              main
     000081E1  A$main$607                         main
     000081E1  Smain$main$122                     main
     000081E1  Smain$main$123                     main
     000081E2  A$main$608                         main
     000081E4  A$main$612                         main
     000081E4  Smain$main$124                     main
     000081E7  A$main$616                         main
     000081E7  Smain$main$125                     main
     000081E8  A$main$617                         main
     000081EA  A$main$619                         main
     000081EB  A$main$620                         main
     000081ED  A$main$622                         main
     000081EE  A$main$623                         main
     000081F0  A$main$624                         main
     000081F2  A$main$631                         main
     000081F2  Smain$main$126                     main
     000081F2  Smain$main$127                     main
     000081F4  A$main$634                         main
     000081F4  Smain$main$128                     main
     000081F6  A$main$637                         main
     000081F6  Smain$main$129                     main
     000081F9  A$main$638                         main
     000081FA  A$main$647                         main
     000081FA  Smain$main$130                     main
     000081FA  Smain$main$131                     main
     000081FC  A$main$649                         main
     000081FC  Smain$main$132                     main
     000081FE  A$main$652                         main
     000081FE  Smain$main$133                     main
     000081FF  A$main$653                         main
     00008202  A$main$654                         main
     00008203  A$main$657                         main
     00008203  Smain$main$134                     main
     00008206  A$main$658                         main
     00008208  A$main$665                         main
     00008208  Smain$main$135                     main
     00008208  Smain$main$136                     main
     00008209  A$main$666                         main
     0000820A  A$main$667                         main
     0000820B  A$main$670                         main
     0000820B  Smain$main$137                     main
     0000820E  A$main$671                         main
     0000820F  A$main$676                         main
     0000820F  Smain$main$138                     main
     0000820F  Smain$main$139                     main
     00008211  A$main$679                         main
     00008211  Smain$main$140                     main
     00008213  A$main$682                         main
     00008213  Smain$main$141                     main
ASxxxx Linker V03.00 + NoICE + sdld,  page 15.
Hexadecimal  [32-Bits]

Area                                    Addr        Size        Decimal Bytes (Attributes)
--------------------------------        ----        ----        ------- ----- ------------
CODE                                000080FD    00002C22 =       11298. bytes (REL,CON)

      Value  Global                              Global Defined In Module
      -----  --------------------------------   ------------------------
     00008216  A$main$683                         main
     00008217  A$main$692                         main
     00008217  Smain$main$142                     main
     00008217  Smain$main$143                     main
     00008219  A$main$694                         main
     00008219  Smain$main$144                     main
     0000821B  A$main$697                         main
     0000821B  Smain$main$145                     main
     0000821C  A$main$698                         main
     0000821F  A$main$699                         main
     00008220  A$main$702                         main
     00008220  Smain$main$146                     main
     00008223  A$main$703                         main
     00008225  A$main$710                         main
     00008225  Smain$main$147                     main
     00008225  Smain$main$148                     main
     00008226  A$main$711                         main
     00008227  A$main$712                         main
     00008228  A$main$715                         main
     00008228  Smain$main$149                     main
     0000822B  A$main$716                         main
     0000822C  A$main$721                         main
     0000822C  Smain$main$150                     main
     0000822C  Smain$main$151                     main
     0000822E  A$main$724                         main
     0000822E  Smain$main$152                     main
     00008230  A$main$727                         main
     00008230  Smain$main$153                     main
     00008233  A$main$728                         main
     00008234  A$main$737                         main
     00008234  Smain$main$154                     main
     00008234  Smain$main$155                     main
     00008236  A$main$739                         main
     00008236  Smain$main$156                     main
     00008238  A$main$742                         main
     00008238  Smain$main$157                     main
     00008239  A$main$743                         main
     0000823C  A$main$744                         main
     0000823D  A$main$747                         main
     0000823D  Smain$main$158                     main
     00008240  A$main$748                         main
     00008242  A$main$755                         main
     00008242  Smain$main$159                     main
     00008242  Smain$main$160                     main
     00008243  A$main$756                         main
     00008244  A$main$757                         main
     00008245  A$main$760                         main
     00008245  Smain$main$161                     main
     00008248  A$main$761                         main
     00008249  A$main$766                         main
     00008249  Smain$main$162                     main
ASxxxx Linker V03.00 + NoICE + sdld,  page 16.
Hexadecimal  [32-Bits]

Area                                    Addr        Size        Decimal Bytes (Attributes)
--------------------------------        ----        ----        ------- ----- ------------
CODE                                000080FD    00002C22 =       11298. bytes (REL,CON)

      Value  Global                              Global Defined In Module
      -----  --------------------------------   ------------------------
     00008249  Smain$main$163                     main
     0000824B  A$main$769                         main
     0000824B  Smain$main$164                     main
     0000824D  A$main$772                         main
     0000824D  Smain$main$165                     main
     00008250  A$main$773                         main
     00008251  A$main$782                         main
     00008251  Smain$main$166                     main
     00008251  Smain$main$167                     main
     00008253  A$main$784                         main
     00008253  Smain$main$168                     main
     00008255  A$main$787                         main
     00008255  Smain$main$169                     main
     00008256  A$main$788                         main
     00008259  A$main$789                         main
     0000825A  A$main$792                         main
     0000825A  Smain$main$170                     main
     0000825D  A$main$793                         main
     0000825F  A$main$800                         main
     0000825F  Smain$main$171                     main
     0000825F  Smain$main$172                     main
     00008260  A$main$801                         main
     00008261  A$main$802                         main
     00008262  A$main$805                         main
     00008262  Smain$main$173                     main
     00008265  A$main$806                         main
     00008266  A$main$811                         main
     00008266  Smain$main$174                     main
     00008266  Smain$main$175                     main
     00008268  A$main$814                         main
     00008268  Smain$main$176                     main
     0000826B  A$main$815                         main
     0000826C  A$main$823                         main
     0000826C  Smain$main$177                     main
     0000826C  Smain$main$178                     main
     0000826C  Smain$main$179                     main
     0000826E  A$main$826                         main
     00008270  A$main$827                         main
     00008273  A$main$828                         main
     00008275  A$main$829                         main
     00008278  A$main$836                         main
     00008278  Smain$main$180                     main
     00008278  Smain$main$181                     main
     0000827A  A$main$839                         main
     0000827A  Smain$main$182                     main
     0000827C  A$main$842                         main
     0000827C  Smain$main$183                     main
     0000827F  A$main$843                         main
     00008280  A$main$852                         main
     00008280  Smain$main$184                     main
     00008280  Smain$main$185                     main
ASxxxx Linker V03.00 + NoICE + sdld,  page 17.
Hexadecimal  [32-Bits]

Area                                    Addr        Size        Decimal Bytes (Attributes)
--------------------------------        ----        ----        ------- ----- ------------
CODE                                000080FD    00002C22 =       11298. bytes (REL,CON)

      Value  Global                              Global Defined In Module
      -----  --------------------------------   ------------------------
     00008282  A$main$854                         main
     00008282  Smain$main$186                     main
     00008284  A$main$857                         main
     00008284  Smain$main$187                     main
     00008285  A$main$858                         main
     00008288  A$main$859                         main
     00008289  A$main$862                         main
     00008289  Smain$main$188                     main
     0000828C  A$main$863                         main
     0000828E  A$main$870                         main
     0000828E  Smain$main$189                     main
     0000828E  Smain$main$190                     main
     0000828F  A$main$871                         main
     00008290  A$main$872                         main
     00008291  A$main$875                         main
     00008291  Smain$main$191                     main
     00008294  A$main$876                         main
     00008295  A$main$881                         main
     00008295  Smain$main$192                     main
     00008295  Smain$main$193                     main
     00008298  A$main$882                         main
     0000829A  A$main$883                         main
     0000829B  A$main$884                         main
     0000829D  A$main$892                         main
     0000829D  Smain$main$194                     main
     0000829D  Smain$main$195                     main
     0000829F  A$main$893                         main
     000082A2  A$main$894                         main
     000082A4  A$main$895                         main
     000082A7  A$main$900                         main
     000082A9  A$main$901                         main
     000082AC  A$main$902                         main
     000082AE  A$main$903                         main
     000082B1  A$main$910                         main
     000082B1  Smain$main$196                     main
     000082B1  Smain$main$197                     main
     000082B3  A$main$913                         main
     000082B3  Smain$main$198                     main
     000082B5  A$main$916                         main
     000082B5  Smain$main$199                     main
     000082B8  A$main$917                         main
     000082B9  A$main$926                         main
     000082B9  Smain$main$200                     main
     000082B9  Smain$main$201                     main
     000082BB  A$main$928                         main
     000082BB  Smain$main$202                     main
     000082BD  A$main$931                         main
     000082BD  Smain$main$203                     main
     000082BE  A$main$932                         main
     000082C1  A$main$933                         main
     000082C2  A$main$936                         main
ASxxxx Linker V03.00 + NoICE + sdld,  page 18.
Hexadecimal  [32-Bits]

Area                                    Addr        Size        Decimal Bytes (Attributes)
--------------------------------        ----        ----        ------- ----- ------------
CODE                                000080FD    00002C22 =       11298. bytes (REL,CON)

      Value  Global                              Global Defined In Module
      -----  --------------------------------   ------------------------
     000082C2  Smain$main$204                     main
     000082C5  A$main$937                         main
     000082C7  A$main$944                         main
     000082C7  Smain$main$205                     main
     000082C7  Smain$main$206                     main
     000082C8  A$main$945                         main
     000082C9  A$main$946                         main
     000082CA  A$main$949                         main
     000082CA  Smain$main$207                     main
     000082CD  A$main$950                         main
     000082CE  A$main$955                         main
     000082CE  Smain$main$208                     main
     000082CE  Smain$main$209                     main
     000082D1  A$main$956                         main
     000082D3  A$main$957                         main
     000082D4  A$main$958                         main
     000082D6  A$main$966                         main
     000082D6  Smain$main$210                     main
     000082D6  Smain$main$211                     main
     000082D8  A$main$967                         main
     000082DB  A$main$968                         main
     000082DD  A$main$969                         main
     000082E0  A$main$976                         main
     000082E0  Smain$main$212                     main
     000082E0  Smain$main$213                     main
     000082E2  A$main$979                         main
     000082E2  Smain$main$214                     main
     000082E4  A$main$982                         main
     000082E4  Smain$main$215                     main
     000082E7  A$main$983                         main
     000082E8  A$main$992                         main
     000082E8  Smain$main$216                     main
     000082E8  Smain$main$217                     main
     000082EA  A$main$994                         main
     000082EA  Smain$main$218                     main
     000082EC  A$main$997                         main
     000082EC  Smain$main$219                     main
     000082ED  A$main$998                         main
     000082F0  A$main$999                         main
     000082F1  A$main$1002                        main
     000082F1  Smain$main$220                     main
     000082F4  A$main$1003                        main
     000082F6  A$main$1010                        main
     000082F6  Smain$main$221                     main
     000082F6  Smain$main$222                     main
     000082F7  A$main$1011                        main
     000082F8  A$main$1012                        main
     000082F9  A$main$1015                        main
     000082F9  Smain$main$223                     main
     000082FC  A$main$1016                        main
     000082FD  A$main$1021                        main
ASxxxx Linker V03.00 + NoICE + sdld,  page 19.
Hexadecimal  [32-Bits]

Area                                    Addr        Size        Decimal Bytes (Attributes)
--------------------------------        ----        ----        ------- ----- ------------
CODE                                000080FD    00002C22 =       11298. bytes (REL,CON)

      Value  Global                              Global Defined In Module
      -----  --------------------------------   ------------------------
     000082FD  Smain$main$224                     main
     000082FD  Smain$main$225                     main
     00008300  A$main$1022                        main
     00008302  A$main$1023                        main
     00008303  A$main$1024                        main
     00008305  A$main$1031                        main
     00008305  Smain$main$226                     main
     00008305  Smain$main$227                     main
     00008307  A$main$1034                        main
     00008307  Smain$main$228                     main
     00008309  A$main$1036                        main
     00008309  Smain$main$229                     main
     0000830B  A$main$1039                        main
     0000830B  Smain$main$230                     main
     0000830E  A$main$1040                        main
     00008310  A$main$1043                        main
     00008310  Smain$main$231                     main
     00008311  A$main$1044                        main
     00008313  A$main$1045                        main
     00008316  A$main$1048                        main
     00008318  A$main$1049                        main
     0000831A  A$main$1050                        main
     0000831D  A$main$1056                        main
     0000831D  Smain$main$232                     main
     0000831D  Smain$main$233                     main
     00008320  A$main$1059                        main
     00008320  Smain$main$234                     main
     00008322  A$main$1061                        main
     00008322  Smain$main$235                     main
     00008324  A$main$1063                        main
     00008324  Smain$main$236                     main
     00008326  A$main$1065                        main
     00008326  Smain$main$237                     main
     00008328  A$main$1068                        main
     00008328  Smain$main$238                     main
     00008329  A$main$1070                        main
     00008329  Smain$main$239                     main
     0000832B  A$main$1073                        main
     0000832B  Smain$main$240                     main
     0000832E  A$main$1074                        main
     00008330  A$main$1079                        main
     00008330  Smain$main$241                     main
     00008332  A$main$1083                        main
     00008332  Smain$main$242                     main
     00008334  A$main$1084                        main
     00008336  A$main$1085                        main
     00008339  A$main$1091                        main
     00008339  Smain$main$243                     main
     00008339  Smain$main$244                     main
     0000833B  A$main$1094                        main
     0000833B  Smain$main$245                     main
ASxxxx Linker V03.00 + NoICE + sdld,  page 20.
Hexadecimal  [32-Bits]

Area                                    Addr        Size        Decimal Bytes (Attributes)
--------------------------------        ----        ----        ------- ----- ------------
CODE                                000080FD    00002C22 =       11298. bytes (REL,CON)

      Value  Global                              Global Defined In Module
      -----  --------------------------------   ------------------------
     0000833D  A$main$1097                        main
     0000833D  Smain$main$246                     main
     00008340  A$main$1098                        main
     00008341  A$main$1107                        main
     00008341  Smain$main$247                     main
     00008341  Smain$main$248                     main
     00008343  A$main$1109                        main
     00008343  Smain$main$249                     main
     00008345  A$main$1112                        main
     00008345  Smain$main$250                     main
     00008346  A$main$1113                        main
     00008349  A$main$1114                        main
     0000834A  A$main$1117                        main
     0000834A  Smain$main$251                     main
     0000834D  A$main$1118                        main
     0000834F  A$main$1125                        main
     0000834F  Smain$main$252                     main
     0000834F  Smain$main$253                     main
     00008350  A$main$1126                        main
     00008351  A$main$1127                        main
     00008352  A$main$1130                        main
     00008352  Smain$main$254                     main
     00008355  A$main$1131                        main
     00008356  A$main$1141                        main
     00008356  Smain$main$255                     main
     00008356  Smain$main$256                     main
     00008356  Smain$main$257                     main
     00008356  Smain$main$258                     main
     00008358  A$main$1142                        main
     0000835A  A$main$1144                        main
     0000835C  A$main$1145                        main
     0000835D  A$main$1146                        main
     0000835F  A$main$1147                        main
     00008361  A$main$1148                        main
     00008363  A$main$1149                        main
     00008366  A$main$1151                        main
     00008368  A$main$1155                        main
     00008368  Smain$main$259                     main
     0000836A  A$main$1156                        main
     0000836C  A$main$1157                        main
     0000836F  A$main$1163                        main
     0000836F  Smain$main$260                     main
     0000836F  Smain$main$261                     main
     00008371  A$main$1166                        main
     00008371  Smain$main$262                     main
     00008373  A$main$1169                        main
     00008373  Smain$main$263                     main
     00008376  A$main$1170                        main
     00008377  A$main$1179                        main
     00008377  Smain$main$264                     main
     00008377  Smain$main$265                     main
ASxxxx Linker V03.00 + NoICE + sdld,  page 21.
Hexadecimal  [32-Bits]

Area                                    Addr        Size        Decimal Bytes (Attributes)
--------------------------------        ----        ----        ------- ----- ------------
CODE                                000080FD    00002C22 =       11298. bytes (REL,CON)

      Value  Global                              Global Defined In Module
      -----  --------------------------------   ------------------------
     00008379  A$main$1181                        main
     00008379  Smain$main$266                     main
     0000837B  A$main$1184                        main
     0000837B  Smain$main$267                     main
     0000837C  A$main$1185                        main
     0000837F  A$main$1186                        main
     00008380  A$main$1189                        main
     00008380  Smain$main$268                     main
     00008383  A$main$1190                        main
     00008385  A$main$1197                        main
     00008385  Smain$main$269                     main
     00008385  Smain$main$270                     main
     00008386  A$main$1198                        main
     00008387  A$main$1199                        main
     00008388  A$main$1202                        main
     00008388  Smain$main$271                     main
     0000838B  A$main$1203                        main
     0000838C  A$main$1212                        main
     0000838C  Smain$main$272                     main
     0000838C  Smain$main$273                     main
     0000838C  Smain$main$274                     main
     0000838C  Smain$main$275                     main
     0000838E  A$main$1213                        main
     00008391  A$main$1214                        main
     00008393  A$main$1215                        main
     00008395  A$main$1216                        main
     00008397  A$main$1217                        main
     0000839A  A$main$1219                        main
     0000839C  A$main$1223                        main
     0000839C  Smain$main$276                     main
     0000839E  A$main$1224                        main
     000083A0  A$main$1225                        main
     000083A3  A$main$1231                        main
     000083A3  Smain$main$277                     main
     000083A3  Smain$main$278                     main
     000083A5  A$main$1234                        main
     000083A5  Smain$main$279                     main
     000083A7  A$main$1237                        main
     000083A7  Smain$main$280                     main
     000083AA  A$main$1238                        main
     000083AB  A$main$1247                        main
     000083AB  Smain$main$281                     main
     000083AB  Smain$main$282                     main
     000083AD  A$main$1249                        main
     000083AD  Smain$main$283                     main
     000083AF  A$main$1252                        main
     000083AF  Smain$main$284                     main
     000083B0  A$main$1253                        main
     000083B3  A$main$1254                        main
     000083B4  A$main$1257                        main
     000083B4  Smain$main$285                     main
ASxxxx Linker V03.00 + NoICE + sdld,  page 22.
Hexadecimal  [32-Bits]

Area                                    Addr        Size        Decimal Bytes (Attributes)
--------------------------------        ----        ----        ------- ----- ------------
CODE                                000080FD    00002C22 =       11298. bytes (REL,CON)

      Value  Global                              Global Defined In Module
      -----  --------------------------------   ------------------------
     000083B7  A$main$1258                        main
     000083B9  A$main$1265                        main
     000083B9  Smain$main$286                     main
     000083B9  Smain$main$287                     main
     000083BA  A$main$1266                        main
     000083BB  A$main$1267                        main
     000083BC  A$main$1270                        main
     000083BC  Smain$main$288                     main
     000083BF  A$main$1271                        main
     000083C0  A$main$1279                        main
     000083C0  Smain$main$289                     main
     000083C0  Smain$main$290                     main
     000083C0  Smain$main$291                     main
     000083C2  A$main$1282                        main
     000083C2  Smain$main$292                     main
     000083C4  A$main$1285                        main
     000083C4  Smain$main$293                     main
     000083C7  A$main$1286                        main
     000083C8  A$main$1295                        main
     000083C8  Smain$main$294                     main
     000083C8  Smain$main$295                     main
     000083CA  A$main$1296                        main
     000083CB  A$main$1299                        main
     000083CB  Smain$main$296                     main
     000083CD  A$main$1301                        main
     000083CD  Smain$main$297                     main
     000083CF  A$main$1304                        main
     000083CF  Smain$main$298                     main
     000083D0  A$main$1305                        main
     000083D3  A$main$1306                        main
     000083D4  A$main$1309                        main
     000083D4  Smain$main$299                     main
     000083D7  A$main$1310                        main
     000083D9  A$main$1317                        main
     000083D9  Smain$main$300                     main
     000083D9  Smain$main$301                     main
     000083DA  A$main$1318                        main
     000083DB  A$main$1319                        main
     000083DC  A$main$1322                        main
     000083DC  Smain$main$302                     main
     000083DF  A$main$1323                        main
     000083E0  A$main$1328                        main
     000083E0  Smain$main$303                     main
     000083E0  Smain$main$304                     main
     000083E2  A$main$1331                        main
     000083E2  Smain$main$305                     main
     000083E4  A$main$1334                        main
     000083E4  Smain$main$306                     main
     000083E7  A$main$1335                        main
     000083E8  A$main$1344                        main
     000083E8  Smain$main$307                     main
ASxxxx Linker V03.00 + NoICE + sdld,  page 23.
Hexadecimal  [32-Bits]

Area                                    Addr        Size        Decimal Bytes (Attributes)
--------------------------------        ----        ----        ------- ----- ------------
CODE                                000080FD    00002C22 =       11298. bytes (REL,CON)

      Value  Global                              Global Defined In Module
      -----  --------------------------------   ------------------------
     000083E8  Smain$main$308                     main
     000083EA  A$main$1345                        main
     000083EB  A$main$1348                        main
     000083EB  Smain$main$309                     main
     000083ED  A$main$1350                        main
     000083ED  Smain$main$310                     main
     000083EF  A$main$1353                        main
     000083EF  Smain$main$311                     main
     000083F0  A$main$1354                        main
     000083F3  A$main$1355                        main
     000083F4  A$main$1358                        main
     000083F4  Smain$main$312                     main
     000083F7  A$main$1359                        main
     000083F9  A$main$1366                        main
     000083F9  Smain$main$313                     main
     000083F9  Smain$main$314                     main
     000083FA  A$main$1367                        main
     000083FB  A$main$1368                        main
     000083FC  A$main$1371                        main
     000083FC  Smain$main$315                     main
     000083FF  A$main$1372                        main
     00008400  A$main$1378                        main
     00008400  Smain$main$316                     main
     00008400  Smain$main$317                     main
     00008400  Smain$main$318                     main
     00008402  A$main$1379                        main
     00008403  A$main$1380                        main
     00008405  A$main$1381                        main
     00008407  A$main$1382                        main
     00008409  A$main$1383                        main
     0000840B  A$main$1384                        main
     0000840D  A$main$1385                        main
     00008410  A$main$1387                        main
     00008412  A$main$1393                        main
     00008412  Smain$main$319                     main
     00008412  Smain$main$320                     main
     00008414  A$main$1394                        main
     00008417  A$main$1395                        main
     00008419  A$main$1396                        main
     0000841B  A$main$1397                        main
     0000841D  A$main$1398                        main
     0000841F  A$main$1399                        main
     00008421  A$main$1400                        main
     00008424  A$main$1402                        main
     00008426  A$main$1408                        main
     00008426  Smain$main$321                     main
     00008426  Smain$main$322                     main
     00008428  A$main$1409                        main
     0000842B  A$main$1410                        main
     0000842D  A$main$1411                        main
     0000842F  A$main$1412                        main
ASxxxx Linker V03.00 + NoICE + sdld,  page 24.
Hexadecimal  [32-Bits]

Area                                    Addr        Size        Decimal Bytes (Attributes)
--------------------------------        ----        ----        ------- ----- ------------
CODE                                000080FD    00002C22 =       11298. bytes (REL,CON)

      Value  Global                              Global Defined In Module
      -----  --------------------------------   ------------------------
     00008431  A$main$1413                        main
     00008433  A$main$1414                        main
     00008435  A$main$1415                        main
     00008438  A$main$1417                        main
     0000843A  A$main$1423                        main
     0000843A  Smain$main$323                     main
     0000843A  Smain$main$324                     main
     0000843C  A$main$1424                        main
     0000843E  A$main$1425                        main
     00008441  A$main$1431                        main
     00008441  Smain$main$325                     main
     00008441  Smain$main$326                     main
     00008443  A$main$1432                        main
     00008445  A$main$1433                        main
     00008448  A$main$1439                        main
     00008448  Smain$main$327                     main
     00008448  Smain$main$328                     main
     0000844A  A$main$1442                        main
     0000844A  Smain$main$329                     main
     0000844C  A$main$1445                        main
     0000844C  Smain$main$330                     main
     0000844F  A$main$1446                        main
     00008450  A$main$1455                        main
     00008450  Smain$main$331                     main
     00008450  Smain$main$332                     main
     00008452  A$main$1457                        main
     00008452  Smain$main$333                     main
     00008454  A$main$1460                        main
     00008454  Smain$main$334                     main
     00008455  A$main$1461                        main
     00008458  A$main$1462                        main
     00008459  A$main$1465                        main
     00008459  Smain$main$335                     main
     0000845C  A$main$1466                        main
     0000845E  A$main$1473                        main
     0000845E  Smain$main$336                     main
     0000845E  Smain$main$337                     main
     0000845F  A$main$1474                        main
     00008460  A$main$1475                        main
     00008461  A$main$1478                        main
     00008461  Smain$main$338                     main
     00008464  A$main$1479                        main
     00008465  A$main$1484                        main
     00008465  Smain$main$339                     main
     00008465  Smain$main$340                     main
     00008467  A$main$1487                        main
     00008467  Smain$main$341                     main
     00008469  A$main$1490                        main
     00008469  Smain$main$342                     main
     0000846C  A$main$1491                        main
     0000846D  A$main$1500                        main
ASxxxx Linker V03.00 + NoICE + sdld,  page 25.
Hexadecimal  [32-Bits]

Area                                    Addr        Size        Decimal Bytes (Attributes)
--------------------------------        ----        ----        ------- ----- ------------
CODE                                000080FD    00002C22 =       11298. bytes (REL,CON)

      Value  Global                              Global Defined In Module
      -----  --------------------------------   ------------------------
     0000846D  Smain$main$343                     main
     0000846D  Smain$main$344                     main
     0000846F  A$main$1502                        main
     0000846F  Smain$main$345                     main
     00008471  A$main$1505                        main
     00008471  Smain$main$346                     main
     00008472  A$main$1506                        main
     00008475  A$main$1507                        main
     00008476  A$main$1510                        main
     00008476  Smain$main$347                     main
     00008479  A$main$1511                        main
     0000847B  A$main$1518                        main
     0000847B  Smain$main$348                     main
     0000847B  Smain$main$349                     main
     0000847C  A$main$1519                        main
     0000847D  A$main$1520                        main
     0000847E  A$main$1523                        main
     0000847E  Smain$main$350                     main
     00008481  A$main$1524                        main
     00008482  A$main$1532                        main
     00008482  Smain$main$351                     main
     00008482  Smain$main$352                     main
     00008482  Smain$main$353                     main
     00008484  A$main$1533                        main
     00008486  A$main$1534                        main
     00008489  A$main$1540                        main
     00008489  Smain$main$354                     main
     00008489  Smain$main$355                     main
     0000848B  A$main$1543                        main
     0000848B  Smain$main$356                     main
     0000848D  A$main$1546                        main
     0000848D  Smain$main$357                     main
     00008490  A$main$1547                        main
     00008491  A$main$1556                        main
     00008491  Smain$main$358                     main
     00008491  Smain$main$359                     main
     00008493  A$main$1558                        main
     00008493  Smain$main$360                     main
     00008495  A$main$1561                        main
     00008495  Smain$main$361                     main
     00008496  A$main$1562                        main
     00008499  A$main$1563                        main
     0000849A  A$main$1566                        main
     0000849A  Smain$main$362                     main
     0000849D  A$main$1567                        main
     0000849F  A$main$1574                        main
     0000849F  Smain$main$363                     main
     0000849F  Smain$main$364                     main
     000084A0  A$main$1575                        main
     000084A1  A$main$1576                        main
     000084A2  A$main$1579                        main
ASxxxx Linker V03.00 + NoICE + sdld,  page 26.
Hexadecimal  [32-Bits]

Area                                    Addr        Size        Decimal Bytes (Attributes)
--------------------------------        ----        ----        ------- ----- ------------
CODE                                000080FD    00002C22 =       11298. bytes (REL,CON)

      Value  Global                              Global Defined In Module
      -----  --------------------------------   ------------------------
     000084A2  Smain$main$365                     main
     000084A5  A$main$1580                        main
     000084A6  A$main$1585                        main
     000084A6  Smain$main$366                     main
     000084A6  Smain$main$367                     main
     000084A8  A$main$1588                        main
     000084A8  Smain$main$368                     main
     000084AA  A$main$1591                        main
     000084AA  Smain$main$369                     main
     000084AD  A$main$1592                        main
     000084AE  A$main$1601                        main
     000084AE  Smain$main$370                     main
     000084AE  Smain$main$371                     main
     000084B0  A$main$1603                        main
     000084B0  Smain$main$372                     main
     000084B2  A$main$1606                        main
     000084B2  Smain$main$373                     main
     000084B3  A$main$1607                        main
     000084B6  A$main$1608                        main
     000084B7  A$main$1611                        main
     000084B7  Smain$main$374                     main
     000084BA  A$main$1612                        main
     000084BC  A$main$1619                        main
     000084BC  Smain$main$375                     main
     000084BC  Smain$main$376                     main
     000084BD  A$main$1620                        main
     000084BE  A$main$1621                        main
     000084BF  A$main$1624                        main
     000084BF  Smain$main$377                     main
     000084C2  A$main$1625                        main
     000084C3  A$main$1631                        main
     000084C3  Smain$main$378                     main
     000084C3  Smain$main$379                     main
     000084C5  A$main$1633                        main
     000084C6  A$main$1637                        main
     000084C8  A$main$1641                        main
     000084C8  Smain$main$380                     main
     000084CA  A$main$1644                        main
     000084CA  Smain$main$381                     main
     000084CC  A$main$1647                        main
     000084CC  Smain$main$382                     main
     000084CF  A$main$1648                        main
     000084D0  A$main$1657                        main
     000084D0  Smain$main$383                     main
     000084D0  Smain$main$384                     main
     000084D2  A$main$1658                        main
     000084D3  A$main$1661                        main
     000084D3  Smain$main$385                     main
     000084D5  A$main$1663                        main
     000084D5  Smain$main$386                     main
     000084D7  A$main$1666                        main
ASxxxx Linker V03.00 + NoICE + sdld,  page 27.
Hexadecimal  [32-Bits]

Area                                    Addr        Size        Decimal Bytes (Attributes)
--------------------------------        ----        ----        ------- ----- ------------
CODE                                000080FD    00002C22 =       11298. bytes (REL,CON)

      Value  Global                              Global Defined In Module
      -----  --------------------------------   ------------------------
     000084D7  Smain$main$387                     main
     000084D8  A$main$1667                        main
     000084DB  A$main$1668                        main
     000084DC  A$main$1671                        main
     000084DC  Smain$main$388                     main
     000084DF  A$main$1672                        main
     000084E1  A$main$1679                        main
     000084E1  Smain$main$389                     main
     000084E1  Smain$main$390                     main
     000084E2  A$main$1680                        main
     000084E3  A$main$1681                        main
     000084E4  A$main$1684                        main
     000084E4  Smain$main$391                     main
     000084E7  A$main$1685                        main
     000084E8  A$main$1690                        main
     000084E8  Smain$main$392                     main
     000084E8  Smain$main$393                     main
     000084EA  A$main$1693                        main
     000084EA  Smain$main$394                     main
     000084EC  A$main$1695                        main
     000084EC  Smain$main$395                     main
     000084EE  A$main$1698                        main
     000084EE  Smain$main$396                     main
     000084F1  A$main$1699                        main
     000084F3  A$main$1704                        main
     000084F3  Smain$main$397                     main
     000084F3  Smain$main$398                     main
     000084F5  A$main$1706                        main
     000084F5  Smain$main$399                     main
     000084F7  A$main$1709                        main
     000084F7  Smain$main$400                     main
     000084FA  A$main$1710                        main
     000084FB  A$main$1715                        main
     000084FB  Smain$main$401                     main
     000084FB  Smain$main$402                     main
     000084FD  A$main$1718                        main
     000084FD  Smain$main$403                     main
     000084FF  A$main$1720                        main
     000084FF  Smain$main$404                     main
     00008501  A$main$1723                        main
     00008501  Smain$main$405                     main
     00008504  A$main$1724                        main
     00008506  A$main$1732                        main
     00008506  Smain$main$406                     main
     00008506  Smain$main$407                     main
     00008506  Smain$main$408                     main
     00008508  A$main$1733                        main
     0000850A  A$main$1734                        main
     0000850D  A$main$1740                        main
     0000850D  Smain$main$409                     main
     0000850D  Smain$main$410                     main
ASxxxx Linker V03.00 + NoICE + sdld,  page 28.
Hexadecimal  [32-Bits]

Area                                    Addr        Size        Decimal Bytes (Attributes)
--------------------------------        ----        ----        ------- ----- ------------
CODE                                000080FD    00002C22 =       11298. bytes (REL,CON)

      Value  Global                              Global Defined In Module
      -----  --------------------------------   ------------------------
     0000850F  A$main$1743                        main
     0000850F  Smain$main$411                     main
     00008511  A$main$1746                        main
     00008511  Smain$main$412                     main
     00008514  A$main$1747                        main
     00008515  A$main$1756                        main
     00008515  Smain$main$413                     main
     00008515  Smain$main$414                     main
     00008517  A$main$1758                        main
     00008517  Smain$main$415                     main
     00008519  A$main$1761                        main
     00008519  Smain$main$416                     main
     0000851A  A$main$1762                        main
     0000851D  A$main$1763                        main
     0000851E  A$main$1766                        main
     0000851E  Smain$main$417                     main
     00008521  A$main$1767                        main
     00008523  A$main$1774                        main
     00008523  Smain$main$418                     main
     00008523  Smain$main$419                     main
     00008524  A$main$1775                        main
     00008525  A$main$1776                        main
     00008526  A$main$1779                        main
     00008526  Smain$main$420                     main
     00008529  A$main$1780                        main
     0000852A  A$main$1786                        main
     0000852A  Smain$main$421                     main
     0000852A  Smain$main$422                     main
     0000852C  A$main$1788                        main
     0000852D  A$main$1792                        main
     0000852F  A$main$1796                        main
     0000852F  Smain$main$423                     main
     00008531  A$main$1799                        main
     00008531  Smain$main$424                     main
     00008533  A$main$1802                        main
     00008533  Smain$main$425                     main
     00008536  A$main$1803                        main
     00008537  A$main$1812                        main
     00008537  Smain$main$426                     main
     00008537  Smain$main$427                     main
     00008539  A$main$1814                        main
     00008539  Smain$main$428                     main
     0000853B  A$main$1817                        main
     0000853B  Smain$main$429                     main
     0000853C  A$main$1818                        main
     0000853F  A$main$1819                        main
     00008540  A$main$1822                        main
     00008540  Smain$main$430                     main
     00008543  A$main$1823                        main
     00008545  A$main$1830                        main
     00008545  Smain$main$431                     main
ASxxxx Linker V03.00 + NoICE + sdld,  page 29.
Hexadecimal  [32-Bits]

Area                                    Addr        Size        Decimal Bytes (Attributes)
--------------------------------        ----        ----        ------- ----- ------------
CODE                                000080FD    00002C22 =       11298. bytes (REL,CON)

      Value  Global                              Global Defined In Module
      -----  --------------------------------   ------------------------
     00008545  Smain$main$432                     main
     00008546  A$main$1831                        main
     00008547  A$main$1832                        main
     00008548  A$main$1835                        main
     00008548  Smain$main$433                     main
     0000854B  A$main$1836                        main
     0000854C  A$main$1841                        main
     0000854C  Smain$main$434                     main
     0000854C  Smain$main$435                     main
     0000854E  A$main$1844                        main
     0000854E  Smain$main$436                     main
     00008550  A$main$1847                        main
     00008550  Smain$main$437                     main
     00008553  A$main$1848                        main
     00008554  A$main$1857                        main
     00008554  Smain$main$438                     main
     00008554  Smain$main$439                     main
     00008556  A$main$1858                        main
     00008557  A$main$1861                        main
     00008557  Smain$main$440                     main
     00008559  A$main$1863                        main
     00008559  Smain$main$441                     main
     0000855B  A$main$1866                        main
     0000855B  Smain$main$442                     main
     0000855C  A$main$1867                        main
     0000855F  A$main$1868                        main
     00008560  A$main$1871                        main
     00008560  Smain$main$443                     main
     00008563  A$main$1872                        main
     00008565  A$main$1879                        main
     00008565  Smain$main$444                     main
     00008565  Smain$main$445                     main
     00008566  A$main$1880                        main
     00008567  A$main$1881                        main
     00008568  A$main$1884                        main
     00008568  Smain$main$446                     main
     0000856B  A$main$1885                        main
     0000856C  A$main$1893                        main
     0000856C  Smain$main$447                     main
     0000856C  Smain$main$448                     main
     0000856C  Smain$main$449                     main
     0000856E  A$main$1894                        main
     00008570  A$main$1895                        main
     00008573  A$main$1901                        main
     00008573  Smain$main$450                     main
     00008573  Smain$main$451                     main
     00008575  A$main$1902                        main
     00008577  A$main$1903                        main
     0000857A  A$main$1909                        main
     0000857A  Smain$main$452                     main
     0000857A  Smain$main$453                     main
ASxxxx Linker V03.00 + NoICE + sdld,  page 30.
Hexadecimal  [32-Bits]

Area                                    Addr        Size        Decimal Bytes (Attributes)
--------------------------------        ----        ----        ------- ----- ------------
CODE                                000080FD    00002C22 =       11298. bytes (REL,CON)

      Value  Global                              Global Defined In Module
      -----  --------------------------------   ------------------------
     0000857C  A$main$1912                        main
     0000857C  Smain$main$454                     main
     0000857E  A$main$1915                        main
     0000857E  Smain$main$455                     main
     00008581  A$main$1916                        main
     00008582  A$main$1925                        main
     00008582  Smain$main$456                     main
     00008582  Smain$main$457                     main
     00008584  A$main$1927                        main
     00008584  Smain$main$458                     main
[...]
     0000A434  Sstm8s_adc2$ADC2_SchmittTriggerC   stm8s_adc2
     0000A435  A$stm8s_adc2$518                   stm8s_adc2
     0000A435  Sstm8s_adc2$ADC2_SchmittTriggerC   stm8s_adc2
     0000A435  Sstm8s_adc2$ADC2_SchmittTriggerC   stm8s_adc2
     0000A435  XG$ADC2_SchmittTriggerConfig$0$0   stm8s_adc2
     0000A436  A$stm8s_adc2$533                   stm8s_adc2
     0000A436  Sstm8s_adc2$ADC2_ConversionConfi   stm8s_adc2
     0000A436  Sstm8s_adc2$ADC2_ConversionConfi   stm8s_adc2
     0000A436  Sstm8s_adc2$ADC2_ConversionConfi   stm8s_adc2
     0000A436  Sstm8s_adc2$ADC2_SchmittTriggerC   stm8s_adc2
     0000A436  _ADC2_ConversionConfig             stm8s_adc2
     0000A439  A$stm8s_adc2$535                   stm8s_adc2
     0000A43B  A$stm8s_adc2$537                   stm8s_adc2
ASxxxx Linker V03.00 + NoICE + sdld,  page 177.
Hexadecimal  [32-Bits]

Area                                    Addr        Size        Decimal Bytes (Attributes)
--------------------------------        ----        ----        ------- ----- ------------
CODE                                000080FD    00002C22 =       11298. bytes (REL,CON)

      Value  Global                              Global Defined In Module
      -----  --------------------------------   ------------------------
     0000A43E  A$stm8s_adc2$541                   stm8s_adc2
     0000A43E  Sstm8s_adc2$ADC2_ConversionConfi   stm8s_adc2
     0000A441  A$stm8s_adc2$543                   stm8s_adc2
     0000A443  A$stm8s_adc2$545                   stm8s_adc2
     0000A446  A$stm8s_adc2$549                   stm8s_adc2
     0000A446  Sstm8s_adc2$ADC2_ConversionConfi   stm8s_adc2
     0000A449  A$stm8s_adc2$553                   stm8s_adc2
     0000A449  Sstm8s_adc2$ADC2_ConversionConfi   stm8s_adc2
     0000A44A  A$stm8s_adc2$555                   stm8s_adc2
     0000A44A  Sstm8s_adc2$ADC2_ConversionConfi   stm8s_adc2
     0000A44C  A$stm8s_adc2$556                   stm8s_adc2
     0000A44D  A$stm8s_adc2$557                   stm8s_adc2
     0000A44E  A$stm8s_adc2$559                   stm8s_adc2
     0000A44E  Sstm8s_adc2$ADC2_ConversionConfi   stm8s_adc2
     0000A450  A$stm8s_adc2$560                   stm8s_adc2
     0000A453  A$stm8s_adc2$562                   stm8s_adc2
     0000A456  A$stm8s_adc2$570                   stm8s_adc2
     0000A456  Sstm8s_adc2$ADC2_ConversionConfi   stm8s_adc2
     0000A456  Sstm8s_adc2$ADC2_ConversionConfi   stm8s_adc2
     0000A456  Sstm8s_adc2$ADC2_ConversionConfi   stm8s_adc2
     0000A458  A$stm8s_adc2$572                   stm8s_adc2
     0000A45B  A$stm8s_adc2$575                   stm8s_adc2
     0000A45B  Sstm8s_adc2$ADC2_ConversionConfi   stm8s_adc2
     0000A45E  A$stm8s_adc2$582                   stm8s_adc2
     0000A45E  Sstm8s_adc2$ADC2_ConversionConfi   stm8s_adc2
     0000A45E  Sstm8s_adc2$ADC2_ConversionConfi   stm8s_adc2
     0000A460  A$stm8s_adc2$584                   stm8s_adc2
     0000A463  A$stm8s_adc2$591                   stm8s_adc2
     0000A463  Sstm8s_adc2$ADC2_ConversionConfi   stm8s_adc2
     0000A463  Sstm8s_adc2$ADC2_ConversionConfi   stm8s_adc2
     0000A466  A$stm8s_adc2$593                   stm8s_adc2
     0000A468  A$stm8s_adc2$595                   stm8s_adc2
     0000A46B  A$stm8s_adc2$599                   stm8s_adc2
     0000A46B  Sstm8s_adc2$ADC2_ConversionConfi   stm8s_adc2
     0000A46E  A$stm8s_adc2$601                   stm8s_adc2
     0000A470  A$stm8s_adc2$603                   stm8s_adc2
     0000A473  A$stm8s_adc2$611                   stm8s_adc2
     0000A473  Sstm8s_adc2$ADC2_ConversionConfi   stm8s_adc2
     0000A473  Sstm8s_adc2$ADC2_ConversionConfi   stm8s_adc2
     0000A473  XG$ADC2_ConversionConfig$0$0       stm8s_adc2
     0000A474  A$stm8s_adc2$626                   stm8s_adc2
     0000A474  Sstm8s_adc2$ADC2_ConversionConfi   stm8s_adc2
     0000A474  Sstm8s_adc2$ADC2_ExternalTrigger   stm8s_adc2
     0000A474  Sstm8s_adc2$ADC2_ExternalTrigger   stm8s_adc2
     0000A474  Sstm8s_adc2$ADC2_ExternalTrigger   stm8s_adc2
     0000A474  _ADC2_ExternalTriggerConfig        stm8s_adc2
     0000A477  A$stm8s_adc2$628                   stm8s_adc2
     0000A479  A$stm8s_adc2$630                   stm8s_adc2
     0000A47C  A$stm8s_adc2$632                   stm8s_adc2
     0000A47F  A$stm8s_adc2$636                   stm8s_adc2
     0000A47F  Sstm8s_adc2$ADC2_ExternalTrigger   stm8s_adc2
ASxxxx Linker V03.00 + NoICE + sdld,  page 178.
Hexadecimal  [32-Bits]

Area                                    Addr        Size        Decimal Bytes (Attributes)
--------------------------------        ----        ----        ------- ----- ------------
CODE                                000080FD    00002C22 =       11298. bytes (REL,CON)

      Value  Global                              Global Defined In Module
      -----  --------------------------------   ------------------------
     0000A481  A$stm8s_adc2$637                   stm8s_adc2
     0000A483  A$stm8s_adc2$638                   stm8s_adc2
     0000A486  A$stm8s_adc2$644                   stm8s_adc2
     0000A486  Sstm8s_adc2$ADC2_ExternalTrigger   stm8s_adc2
     0000A486  Sstm8s_adc2$ADC2_ExternalTrigger   stm8s_adc2
     0000A488  A$stm8s_adc2$646                   stm8s_adc2
     0000A48B  A$stm8s_adc2$649                   stm8s_adc2
     0000A48B  Sstm8s_adc2$ADC2_ExternalTrigger   stm8s_adc2
     0000A48E  A$stm8s_adc2$656                   stm8s_adc2
     0000A48E  Sstm8s_adc2$ADC2_ExternalTrigger   stm8s_adc2
     0000A48E  Sstm8s_adc2$ADC2_ExternalTrigger   stm8s_adc2
     0000A490  A$stm8s_adc2$658                   stm8s_adc2
     0000A493  A$stm8s_adc2$665                   stm8s_adc2
     0000A493  Sstm8s_adc2$ADC2_ExternalTrigger   stm8s_adc2
     0000A493  Sstm8s_adc2$ADC2_ExternalTrigger   stm8s_adc2
     0000A496  A$stm8s_adc2$667                   stm8s_adc2
     0000A498  A$stm8s_adc2$669                   stm8s_adc2
     0000A49B  A$stm8s_adc2$677                   stm8s_adc2
     0000A49B  Sstm8s_adc2$ADC2_ExternalTrigger   stm8s_adc2
     0000A49B  Sstm8s_adc2$ADC2_ExternalTrigger   stm8s_adc2
     0000A49B  XG$ADC2_ExternalTriggerConfig$0$   stm8s_adc2
     0000A49C  A$stm8s_adc2$692                   stm8s_adc2
     0000A49C  Sstm8s_adc2$ADC2_ExternalTrigger   stm8s_adc2
     0000A49C  Sstm8s_adc2$ADC2_StartConversion   stm8s_adc2
     0000A49C  Sstm8s_adc2$ADC2_StartConversion   stm8s_adc2
     0000A49C  Sstm8s_adc2$ADC2_StartConversion   stm8s_adc2
     0000A49C  _ADC2_StartConversion              stm8s_adc2
     0000A49F  A$stm8s_adc2$694                   stm8s_adc2
     0000A4A1  A$stm8s_adc2$696                   stm8s_adc2
     0000A4A4  A$stm8s_adc2$704                   stm8s_adc2
     0000A4A4  Sstm8s_adc2$ADC2_StartConversion   stm8s_adc2
     0000A4A4  Sstm8s_adc2$ADC2_StartConversion   stm8s_adc2
     0000A4A4  XG$ADC2_StartConversion$0$0        stm8s_adc2
     0000A4A5  A$stm8s_adc2$716                   stm8s_adc2
     0000A4A5  Sstm8s_adc2$ADC2_GetConversionVa   stm8s_adc2
     0000A4A5  Sstm8s_adc2$ADC2_GetConversionVa   stm8s_adc2
     0000A4A5  Sstm8s_adc2$ADC2_StartConversion   stm8s_adc2
     0000A4A5  _ADC2_GetConversionValue           stm8s_adc2
     0000A4A7  A$stm8s_adc2$721                   stm8s_adc2
     0000A4A7  Sstm8s_adc2$ADC2_GetConversionVa   stm8s_adc2
     0000A4A7  Sstm8s_adc2$ADC2_GetConversionVa   stm8s_adc2
     0000A4AA  A$stm8s_adc2$723                   stm8s_adc2
     0000A4AC  A$stm8s_adc2$724                   stm8s_adc2
     0000A4AE  A$stm8s_adc2$725                   stm8s_adc2
     0000A4B1  A$stm8s_adc2$732                   stm8s_adc2
     0000A4B1  Sstm8s_adc2$ADC2_GetConversionVa   stm8s_adc2
     0000A4B1  Sstm8s_adc2$ADC2_GetConversionVa   stm8s_adc2
     0000A4B4  A$stm8s_adc2$733                   stm8s_adc2
     0000A4B5  A$stm8s_adc2$737                   stm8s_adc2
     0000A4B5  Sstm8s_adc2$ADC2_GetConversionVa   stm8s_adc2
     0000A4B8  A$stm8s_adc2$740                   stm8s_adc2
ASxxxx Linker V03.00 + NoICE + sdld,  page 179.
Hexadecimal  [32-Bits]

Area                                    Addr        Size        Decimal Bytes (Attributes)
--------------------------------        ----        ----        ------- ----- ------------
CODE                                000080FD    00002C22 =       11298. bytes (REL,CON)

      Value  Global                              Global Defined In Module
      -----  --------------------------------   ------------------------
     0000A4BA  A$stm8s_adc2$745                   stm8s_adc2
     0000A4BA  Sstm8s_adc2$ADC2_GetConversionVa   stm8s_adc2
     0000A4BC  A$stm8s_adc2$748                   stm8s_adc2
     0000A4BE  A$stm8s_adc2$750                   stm8s_adc2
     0000A4C0  A$stm8s_adc2$751                   stm8s_adc2
     0000A4C1  A$stm8s_adc2$752                   stm8s_adc2
     0000A4C2  A$stm8s_adc2$753                   stm8s_adc2
     0000A4C4  A$stm8s_adc2$754                   stm8s_adc2
     0000A4C5  A$stm8s_adc2$756                   stm8s_adc2
     0000A4C7  A$stm8s_adc2$759                   stm8s_adc2
     0000A4C7  Sstm8s_adc2$ADC2_GetConversionVa   stm8s_adc2
     0000A4CA  A$stm8s_adc2$766                   stm8s_adc2
     0000A4CA  Sstm8s_adc2$ADC2_GetConversionVa   stm8s_adc2
     0000A4CA  Sstm8s_adc2$ADC2_GetConversionVa   stm8s_adc2
     0000A4CD  A$stm8s_adc2$769                   stm8s_adc2
     0000A4CE  A$stm8s_adc2$770                   stm8s_adc2
     0000A4CF  A$stm8s_adc2$772                   stm8s_adc2
     0000A4D0  A$stm8s_adc2$776                   stm8s_adc2
     0000A4D0  Sstm8s_adc2$ADC2_GetConversionVa   stm8s_adc2
     0000A4D3  A$stm8s_adc2$781                   stm8s_adc2
     0000A4D3  Sstm8s_adc2$ADC2_GetConversionVa   stm8s_adc2
     0000A4D4  A$stm8s_adc2$782                   stm8s_adc2
     0000A4D5  A$stm8s_adc2$784                   stm8s_adc2
     0000A4D6  A$stm8s_adc2$785                   stm8s_adc2
     0000A4D7  A$stm8s_adc2$786                   stm8s_adc2
     0000A4D8  A$stm8s_adc2$787                   stm8s_adc2
     0000A4D9  A$stm8s_adc2$788                   stm8s_adc2
     0000A4DA  A$stm8s_adc2$789                   stm8s_adc2
     0000A4DB  A$stm8s_adc2$790                   stm8s_adc2
     0000A4DD  A$stm8s_adc2$792                   stm8s_adc2
     0000A4DE  A$stm8s_adc2$794                   stm8s_adc2
     0000A4E0  A$stm8s_adc2$795                   stm8s_adc2
     0000A4E1  A$stm8s_adc2$796                   stm8s_adc2
     0000A4E3  A$stm8s_adc2$797                   stm8s_adc2
     0000A4E5  A$stm8s_adc2$798                   stm8s_adc2
     0000A4E6  A$stm8s_adc2$800                   stm8s_adc2
     0000A4E8  A$stm8s_adc2$807                   stm8s_adc2
     0000A4E8  Sstm8s_adc2$ADC2_GetConversionVa   stm8s_adc2
     0000A4E8  Sstm8s_adc2$ADC2_GetConversionVa   stm8s_adc2
     0000A4EA  A$stm8s_adc2$813                   stm8s_adc2
     0000A4EA  Sstm8s_adc2$ADC2_GetConversionVa   stm8s_adc2
     0000A4EC  A$stm8s_adc2$817                   stm8s_adc2
     0000A4EC  Sstm8s_adc2$ADC2_GetConversionVa   stm8s_adc2
     0000A4EC  Sstm8s_adc2$ADC2_GetConversionVa   stm8s_adc2
     0000A4EC  XG$ADC2_GetConversionValue$0$0     stm8s_adc2
     0000A4ED  A$stm8s_adc2$832                   stm8s_adc2
     0000A4ED  Sstm8s_adc2$ADC2_GetConversionVa   stm8s_adc2
     0000A4ED  Sstm8s_adc2$ADC2_GetFlagStatus$1   stm8s_adc2
     0000A4ED  Sstm8s_adc2$ADC2_GetFlagStatus$1   stm8s_adc2
     0000A4ED  Sstm8s_adc2$ADC2_GetFlagStatus$1   stm8s_adc2
     0000A4ED  _ADC2_GetFlagStatus                stm8s_adc2
ASxxxx Linker V03.00 + NoICE + sdld,  page 180.
Hexadecimal  [32-Bits]

Area                                    Addr        Size        Decimal Bytes (Attributes)
--------------------------------        ----        ----        ------- ----- ------------
CODE                                000080FD    00002C22 =       11298. bytes (REL,CON)

      Value  Global                              Global Defined In Module
      -----  --------------------------------   ------------------------
     0000A4F0  A$stm8s_adc2$834                   stm8s_adc2
     0000A4F2  A$stm8s_adc2$843                   stm8s_adc2
     0000A4F2  Sstm8s_adc2$ADC2_GetFlagStatus$1   stm8s_adc2
     0000A4F2  Sstm8s_adc2$ADC2_GetFlagStatus$1   stm8s_adc2
     0000A4F2  XG$ADC2_GetFlagStatus$0$0          stm8s_adc2
     0000A4F3  A$stm8s_adc2$858                   stm8s_adc2
     0000A4F3  Sstm8s_adc2$ADC2_ClearFlag$175     stm8s_adc2
     0000A4F3  Sstm8s_adc2$ADC2_ClearFlag$176     stm8s_adc2
     0000A4F3  Sstm8s_adc2$ADC2_ClearFlag$177     stm8s_adc2
     0000A4F3  Sstm8s_adc2$ADC2_GetFlagStatus$1   stm8s_adc2
     0000A4F3  _ADC2_ClearFlag                    stm8s_adc2
     0000A4F6  A$stm8s_adc2$860                   stm8s_adc2
     0000A4F8  A$stm8s_adc2$862                   stm8s_adc2
     0000A4FB  A$stm8s_adc2$870                   stm8s_adc2
     0000A4FB  Sstm8s_adc2$ADC2_ClearFlag$178     stm8s_adc2
     0000A4FB  Sstm8s_adc2$ADC2_ClearFlag$179     stm8s_adc2
     0000A4FB  XG$ADC2_ClearFlag$0$0              stm8s_adc2
     0000A4FC  A$stm8s_adc2$885                   stm8s_adc2
     0000A4FC  Sstm8s_adc2$ADC2_ClearFlag$180     stm8s_adc2
     0000A4FC  Sstm8s_adc2$ADC2_GetITStatus$181   stm8s_adc2
     0000A4FC  Sstm8s_adc2$ADC2_GetITStatus$182   stm8s_adc2
     0000A4FC  Sstm8s_adc2$ADC2_GetITStatus$183   stm8s_adc2
     0000A4FC  _ADC2_GetITStatus                  stm8s_adc2
     0000A4FF  A$stm8s_adc2$887                   stm8s_adc2
     0000A501  A$stm8s_adc2$896                   stm8s_adc2
     0000A501  Sstm8s_adc2$ADC2_GetITStatus$184   stm8s_adc2
     0000A501  Sstm8s_adc2$ADC2_GetITStatus$185   stm8s_adc2
     0000A501  XG$ADC2_GetITStatus$0$0            stm8s_adc2
     0000A502  A$stm8s_adc2$911                   stm8s_adc2
     0000A502  Sstm8s_adc2$ADC2_ClearITPendingB   stm8s_adc2
     0000A502  Sstm8s_adc2$ADC2_ClearITPendingB   stm8s_adc2
     0000A502  Sstm8s_adc2$ADC2_ClearITPendingB   stm8s_adc2
     0000A502  Sstm8s_adc2$ADC2_GetITStatus$186   stm8s_adc2
     0000A502  _ADC2_ClearITPendingBit            stm8s_adc2
     0000A505  A$stm8s_adc2$913                   stm8s_adc2
     0000A507  A$stm8s_adc2$915                   stm8s_adc2
     0000A50A  A$stm8s_adc2$923                   stm8s_adc2
     0000A50A  Sstm8s_adc2$ADC2_ClearITPendingB   stm8s_adc2
     0000A50A  Sstm8s_adc2$ADC2_ClearITPendingB   stm8s_adc2
     0000A50A  XG$ADC2_ClearITPendingBit$0$0      stm8s_adc2
     0000A50B  Sstm8s_adc2$ADC2_ClearITPendingB   stm8s_adc2
     0000A50B  __modulong                         
     0000A58E  _vsprintf                          sprintf
     0000A5A7  _sprintf                           sprintf
     0000A5C2  __divulong                         
     0000A61C  __mullong                          
     0000A734  __print_format                     printf_large
     0000AD10  _strlen                            _strlen

ASxxxx Linker V03.00 + NoICE + sdld,  page 181.
Hexadecimal  [32-Bits]

Area                                    Addr        Size        Decimal Bytes (Attributes)
--------------------------------        ----        ----        ------- ----- ------------
.debug_line                         00000000    00003068 =       12392. bytes (REL,CON)

      Value  Global                              Global Defined In Module
      -----  --------------------------------   ------------------------
ASxxxx Linker V03.00 + NoICE + sdld,  page 182.
Hexadecimal  [32-Bits]

Area                                    Addr        Size        Decimal Bytes (Attributes)
--------------------------------        ----        ----        ------- ----- ------------
.debug_loc                          00000000    000045C4 =       17860. bytes (REL,CON)

      Value  Global                              Global Defined In Module
      -----  --------------------------------   ------------------------
ASxxxx Linker V03.00 + NoICE + sdld,  page 183.
Hexadecimal  [32-Bits]

Area                                    Addr        Size        Decimal Bytes (Attributes)
--------------------------------        ----        ----        ------- ----- ------------
.debug_abbrev                       00000000    00000782 =        1922. bytes (REL,CON)

      Value  Global                              Global Defined In Module
      -----  --------------------------------   ------------------------
ASxxxx Linker V03.00 + NoICE + sdld,  page 184.
Hexadecimal  [32-Bits]

Area                                    Addr        Size        Decimal Bytes (Attributes)
--------------------------------        ----        ----        ------- ----- ------------
.debug_info                         00000000    0000499B =       18843. bytes (REL,CON)

      Value  Global                              Global Defined In Module
      -----  --------------------------------   ------------------------
ASxxxx Linker V03.00 + NoICE + sdld,  page 185.
Hexadecimal  [32-Bits]

Area                                    Addr        Size        Decimal Bytes (Attributes)
--------------------------------        ----        ----        ------- ----- ------------
.debug_pubnames                     00000000    00000E85 =        3717. bytes (REL,CON)

      Value  Global                              Global Defined In Module
      -----  --------------------------------   ------------------------
ASxxxx Linker V03.00 + NoICE + sdld,  page 186.
Hexadecimal  [32-Bits]

Area                                    Addr        Size        Decimal Bytes (Attributes)
--------------------------------        ----        ----        ------- ----- ------------
.debug_frame                        00000000    00003C2D =       15405. bytes (REL,CON)

      Value  Global                              Global Defined In Module
      -----  --------------------------------   ------------------------
ASxxxx Linker V03.00 + NoICE + sdld,  page 187.

Files Linked                              [ module(s) ]

build-STM8S208/main.rel                   [ main ]
build-STM8S208/milis.rel                  [ milis ]
build-STM8S208/spse_stm8.rel              [ spse_stm8 ]
build-STM8S208/stm8_hd44780.rel           [ stm8_hd44780 ]
build-STM8S208/stm8s_it.rel               [ stm8s_it ]
build-STM8S208/swi2c.rel                  [ swi2c ]
build-STM8S208/swspi.rel                  [ swspi ]
build-STM8S208/uart1.rel                  [ uart1 ]
build-STM8S208/stm8s_gpio.rel             [ stm8s_gpio ]
build-STM8S208/stm8s_clk.rel              [ stm8s_clk ]
build-STM8S208/stm8s_tim4.rel             [ stm8s_tim4 ]
build-STM8S208/stm8s_itc.rel              [ stm8s_itc ]
build-STM8S208/stm8s_uart1.rel            [ stm8s_uart1 ]
build-STM8S208/stm8s_adc2.rel             [ stm8s_adc2 ]


Libraries Linked                          [ object file ]

C:\Program Files\SDCC\bin\..\lib\stm8/stm8.lib
                                          [ _modulong.rel ]
C:\Program Files\SDCC\bin\..\lib\stm8/stm8.lib
                                          [ sprintf.rel ]
C:\Program Files\SDCC\bin\..\lib\stm8/stm8.lib
                                          [ _divulong.rel ]
C:\Program Files\SDCC\bin\..\lib\stm8/stm8.lib
                                          [ _mullong.rel ]
C:\Program Files\SDCC\bin\..\lib\stm8/stm8.lib
                                          [ printf_large.rel ]
C:\Program Files\SDCC\bin\..\lib\stm8/stm8.lib
                                          [ _strlen.rel ]

ASxxxx Linker V03.00 + NoICE + sdld,  page 188.

User Base Address Definitions

HOME = 0x8000
DATA = 0x0001

